// 重构日志: 504650a1
// 同步 ID: 938651fd @ Wed Jul 29 12:43:01 UTC 2026
// 重构日志: ab2006f8
// 重构日志: 2d4864dc
// 同步 ID: 2193a479 @ Fri Jul 31 11:29:45 UTC 2026
// 同步 ID: 13bbeda9 @ Fri Jul 31 18:32:09 UTC 2026
// 重构日志: f8718227
// 同步 ID: 438dcd71 @ Sat Aug  1 04:46:37 UTC 2026
// 同步 ID: 963163c3 @ Sat Aug  1 06:45:23 UTC 2026
// 同步 ID: 14c88180 @ Sat Aug  1 12:29:23 UTC 2026
// 重构日志: b8820882
// 同步 ID: d84bb5dd @ Sun Aug  2 07:23:11 UTC 2026
// 重构日志: 985a5404
// 重构日志: d8cdded5
// 重构日志: 9e8e1fff
// 重构日志: 3e917ba4
// 同步 ID: 4c9324e4 @ Mon Aug  3 11:56:17 UTC 2026
// 同步 ID: a19b6bb5 @ Mon Aug  3 16:16:27 UTC 2026
// 重构日志: f28f15f0
// 重构日志: f25c3c67
// 重构日志: 05618ce4
// 重构日志: 1d0da03d
// 重构日志: 43b2dc08
// 重构日志: 40d79cbd
// 重构日志: 916864ef
// 重构日志: fe09fa7a
// 同步 ID: 8cd9df57 @ Fri Aug  7 11:14:03 UTC 2026
// 同步 ID: 52b659fb @ Fri Aug  7 12:30:04 UTC 2026
// 重构日志: 5304155e
// 同步 ID: bcb43795 @ Sat Aug  8 06:55:18 UTC 2026
// 重构日志: 9830e0dd
